env:
  global:
    - splitByBuildTypes=true
    - CONAN_TOTAL_PAGES=2

import: bincrafters/templates:.ci/travis-macos.yml@master
