import: bincrafters/templates:.ci/travis-macos-installer.yml@12f4883f65fcbc521d7425636083ce9bba4be5cd
