linux: &linux
   os: linux
   dist: bionic
   language: python
   python: "3.7"
   services:
     - docker
osx: &osx
   os: osx
   language: generic
# bincrafters-conventions:no-new-compiler-versions
matrix:
   include:
      - <<: *linux
        env: CONAN_GCC_VERSIONS=7 CONAN_DOCKER_IMAGE=conanio/gcc7
      - <<: *linux
        env: CONAN_GCC_VERSIONS=8 CONAN_DOCKER_IMAGE=conanio/gcc8
      - <<: *linux
        env: CONAN_CLANG_VERSIONS=6.0 CONAN_DOCKER_IMAGE=conanio/clang60
      - <<: *linux
        env: CONAN_CLANG_VERSIONS=7.0 CONAN_DOCKER_IMAGE=conanio/clang7
      - <<: *linux
        env: CONAN_CLANG_VERSIONS=8 CONAN_DOCKER_IMAGE=conanio/clang8
      - <<: *osx
        osx_image: xcode9.4
        env: CONAN_APPLE_CLANG_VERSIONS=9.1
      - <<: *osx
        osx_image: xcode10.3
        env: CONAN_APPLE_CLANG_VERSIONS=10.0

install:
  - chmod +x .ci/install.sh
  - ./.ci/install.sh

script:
  - chmod +x .ci/run.sh
  - ./.ci/run.sh
